// Jest Snapshot v1, https://goo.gl/fbAQLP

exports[`matches snapshot 1`] = `
<DocumentFragment>
  <div>
    <div
      class="Box"
      style="height: 5px; width: 5px; background-color: blue;"
    />
    <button
      class="button"
    >
      X
    </button>
  </div>
</DocumentFragment>
`;
