// Jest Snapshot v1, https://goo.gl/fbAQLP

exports[`matches snapshot 1`] = `
<DocumentFragment>
  <div
    class="Homepage-container"
  >
    <div
      class="Homepage"
    >
      <div
        class="text-container"
      >
        <h1
          class="mb-4 font-weight-bold mt-5"
        >
          Find and apply for the best jobs with Jobly.
        </h1>
        <p
          class="mb-4 font-weight-light"
        >
          Discover new opportunities and apply privately with one-click applications. Review compensation packages upfront including salary and equity.
        </p>
        <h2>
          Welcome back, testuser!
        </h2>
      </div>
      <div
        class="image-container"
      >
        <img
          alt="working illustration"
          class="homepage-image"
          src="/working_illistration.png"
        />
      </div>
    </div>
  </div>
</DocumentFragment>
`;
